[poker.progressionstudios.com/index.html]
[backblue.gif]
[fade.gif]
[index.html]
[poker.progressionstudios.com/comments/feed/index.html]
[poker.progressionstudios.com/feed/index.html]
[j66qd6zg9dfgyt4c-zippykid.netdna-ssl.com/wp-content/plugins/contact-form-7/includes/css/stylesaead.css]
[j66qd6zg9dfgyt4c-zippykid.netdna-ssl.com/wp-content/plugins/woocommerce/assets/css/woocommerce-layoutcd45.css]
[j66qd6zg9dfgyt4c-zippykid.netdna-ssl.com/wp-content/plugins/woocommerce/assets/css/woocommerce-smallscreencd45.css]
[j66qd6zg9dfgyt4c-zippykid.netdna-ssl.com/wp-content/plugins/woocommerce/assets/css/woocommercecd45.css]
[j66qd6zg9dfgyt4c-zippykid.netdna-ssl.com/wp-content/themes/poker-dice-progression/css/progression_studios_custom_styles5010.css]
[j66qd6zg9dfgyt4c-zippykid.netdna-ssl.com/wp-content/themes/poker-dice-progression/style5010.css]
[j66qd6zg9dfgyt4c-zippykid.netdna-ssl.com/wp-content/themes/poker-dice-progression/images/header-bg.jpg]
[j66qd6zg9dfgyt4c-zippykid.netdna-ssl.com/wp-content/themes/poker-dice-progression/images/page-title.jpg]
[j66qd6zg9dfgyt4c-zippykid.netdna-ssl.com/wp-content/plugins/elementor/assets/lib/eicons/css/elementor-icons.minaf6c.css]
[j66qd6zg9dfgyt4c-zippykid.netdna-ssl.com/wp-content/plugins/elementor/assets/lib/font-awesome/css/font-awesome.min1849.css]
[j66qd6zg9dfgyt4c-zippykid.netdna-ssl.com/wp-content/plugins/elementor/assets/lib/animations/animations.min6b25.css]
[j66qd6zg9dfgyt4c-zippykid.netdna-ssl.com/wp-content/plugins/elementor/assets/css/frontend.min6b25.css]
[j66qd6zg9dfgyt4c-zippykid.netdna-ssl.com/wp-content/uploads/elementor/css/post-864f8.css]
[j66qd6zg9dfgyt4c-zippykid.netdna-ssl.com/wp-content/plugins/boosted-elements-progression/assets/css/frontend.min5010.css]
[j66qd6zg9dfgyt4c-zippykid.netdna-ssl.com/wp-includes/js/jquery/jquery-migrate.min330a.js]
[j66qd6zg9dfgyt4c-zippykid.netdna-ssl.com/wp-includes/js/jquery/jqueryb8ff.js]
[poker.progressionstudios.com/xmlrpc0db0.php]
[poker.progressionstudios.com/wp-includes/wlwmanifest.xml]
[poker.progressionstudios.com/wp-json/index.html]
[poker.progressionstudios.com/wp-json/oembed/1.0/embed3d75.json]
[poker.progressionstudios.com/wp-json/oembed/1.0/embedfc13]
[j66qd6zg9dfgyt4c-zippykid.netdna-ssl.com/wp-content/themes/poker-dice-progression/images/logo.png]
[j66qd6zg9dfgyt4c-zippykid.netdna-ssl.com/wp-content/uploads/2017/07/plker.png]
[poker.progressionstudios.com/product/haway-tropical-room/index.html]
[poker.progressionstudios.com/home-version-2/index.html]
[scontent-ams3-1.cdninstagram.com/vp/671ea5132b9651682cf8933ea7e2b25a/5C4F6370/t51.2885-15/sh0.08/e35/c0.22.1080.1080/s640x640/41968402_2215927978729183_2403436936194796597_n.18.delayed]
[poker.progressionstudios.com/cart/index.html]
[poker.progressionstudios.com/about/index.html]
[poker.progressionstudios.com/news/index.html]
[poker.progressionstudios.com/product-category/rooms/index.html]
[scontent-ams3-1.cdninstagram.com/vp/d69d1e570039af360279d11fbd68b89c/5C5C4FE1/t51.2885-15/sh0.08/e35/s640x640/43914977_711619315870993_2143609978468527007_n.jpg]
[poker.progressionstudios.com/shop/index.html]
[poker.progressionstudios.com/my-account/index.html]
[scontent-ams3-1.cdninstagram.com/vp/6087eb4abef0e1c5e503df055ca2b9e2/5C53C62C/t51.2885-15/e15/c139.0.442.442/42698927_2147979135452546_7732679073060395455_n.jpg]
[scontent-ams3-1.cdninstagram.com/vp/e43527d48b5dc2deb09bae3b44e48d69/5C4E3F45/t51.2885-15/sh0.08/e35/s640x640/42915844_271690463676510_481474469532076271_n.jpg]
[poker.progressionstudios.com/contact/index.html]
[scontent-ams3-1.cdninstagram.com/vp/8704b0c500272e0544f236a93a34d5be/5C666637/t51.2885-15/e15/s640x640/41848144_784017608607694_621242818220739658_n.jpg]
[scontent-ams3-1.cdninstagram.com/vp/21e492b2ec42e351d2e23a0f67c9027c/5C426129/t51.2885-15/sh0.08/e35/s640x640/42650132_2214034422213296_9056911195141696559_n.jpg]
[j66qd6zg9dfgyt4c-zippykid.netdna-ssl.com/wp-content/plugins/contact-form-7/includes/js/scriptsaead.js]
[j66qd6zg9dfgyt4c-zippykid.netdna-ssl.com/wp-content/plugins/woocommerce/assets/js/frontend/add-to-cart.mincd45.js]
[j66qd6zg9dfgyt4c-zippykid.netdna-ssl.com/wp-content/plugins/woocommerce/assets/js/js-cookie/js.cookie.min6b25.js]
[j66qd6zg9dfgyt4c-zippykid.netdna-ssl.com/wp-content/plugins/woocommerce/assets/js/frontend/woocommerce.mincd45.js]
[j66qd6zg9dfgyt4c-zippykid.netdna-ssl.com/wp-content/plugins/woocommerce/assets/js/frontend/cart-fragments.mincd45.js]
[j66qd6zg9dfgyt4c-zippykid.netdna-ssl.com/wp-content/themes/poker-dice-progression/js/plugins11a8.js]
[j66qd6zg9dfgyt4c-zippykid.netdna-ssl.com/wp-content/themes/poker-dice-progression/js/script11a8.js]
[j66qd6zg9dfgyt4c-zippykid.netdna-ssl.com/wp-includes/js/wp-embed.min5010.js]
[j66qd6zg9dfgyt4c-zippykid.netdna-ssl.com/wp-content/plugins/boosted-elements-progression/assets/js/video-backgrounds5152.js]
[j66qd6zg9dfgyt4c-zippykid.netdna-ssl.com/wp-content/plugins/boosted-elements-progression/assets/js/prettyPhoto5152.js]
[j66qd6zg9dfgyt4c-zippykid.netdna-ssl.com/wp-content/plugins/boosted-elements-progression/assets/js/jquery.matchHeight-min5152.js]
[j66qd6zg9dfgyt4c-zippykid.netdna-ssl.com/wp-includes/js/jquery/ui/position.mine899.js]
[j66qd6zg9dfgyt4c-zippykid.netdna-ssl.com/wp-content/plugins/elementor/assets/lib/dialog/dialog.mina94e.js]
[j66qd6zg9dfgyt4c-zippykid.netdna-ssl.com/wp-content/plugins/elementor/assets/lib/waypoints/waypoints.min05da.js]
[j66qd6zg9dfgyt4c-zippykid.netdna-ssl.com/wp-content/plugins/elementor/assets/lib/swiper/swiper.jquery.mincb20.js]
[j66qd6zg9dfgyt4c-zippykid.netdna-ssl.com/wp-content/plugins/elementor/assets/js/frontend.min6b25.js]
[secure.gaug.es/track.js]
[poker.progressionstudios.com/index.html]
[poker.progressionstudios.com/xmlrpc.php]
[j66qd6zg9dfgyt4c-zippykid.netdna-ssl.com/wp-content/plugins/contact-form-7/images/ajax-loader.gif]
[j66qd6zg9dfgyt4c-zippykid.netdna-ssl.com/wp-content/plugins/contact-form-7/includes/css/stylesaead.css]
[j66qd6zg9dfgyt4c-zippykid.netdna-ssl.com/wp-content/plugins/woocommerce/assets/css/woocommerce-layoutcd45.css]
[j66qd6zg9dfgyt4c-zippykid.netdna-ssl.com/wp-content/plugins/woocommerce/assets/css/woocommerce-smallscreencd45.css]
[j66qd6zg9dfgyt4c-zippykid.netdna-ssl.com/wp-content/plugins/woocommerce/assets/css/woocommercecd45.css]
[j66qd6zg9dfgyt4c-zippykid.netdna-ssl.com/wp-content/themes/poker-dice-progression/inc/pe-icon-7-stroke/fonts/Pe-icon-7-strokebb1d.eot]
[j66qd6zg9dfgyt4c-zippykid.netdna-ssl.com/wp-content/themes/poker-dice-progression/inc/pe-icon-7-stroke/fonts/Pe-icon-7-stroked41d.eot]
[j66qd6zg9dfgyt4c-zippykid.netdna-ssl.com/wp-content/themes/poker-dice-progression/inc/pe-icon-7-stroke/fonts/Pe-icon-7-strokebb1d.woff]
[j66qd6zg9dfgyt4c-zippykid.netdna-ssl.com/wp-content/themes/poker-dice-progression/inc/pe-icon-7-stroke/fonts/Pe-icon-7-strokebb1d.ttf]
[j66qd6zg9dfgyt4c-zippykid.netdna-ssl.com/wp-content/themes/poker-dice-progression/inc/pe-icon-7-stroke/fonts/Pe-icon-7-strokebb1d.svg]
[j66qd6zg9dfgyt4c-zippykid.netdna-ssl.com/wp-content/themes/poker-dice-progression/inc/font-awesome/fonts/fontawesome-webfont3e6e.eot]
[j66qd6zg9dfgyt4c-zippykid.netdna-ssl.com/wp-content/themes/poker-dice-progression/inc/font-awesome/fonts/fontawesome-webfont3e6e.woff2]
[j66qd6zg9dfgyt4c-zippykid.netdna-ssl.com/wp-content/themes/poker-dice-progression/inc/font-awesome/fonts/fontawesome-webfontd41d.eot]
[j66qd6zg9dfgyt4c-zippykid.netdna-ssl.com/wp-content/themes/poker-dice-progression/inc/font-awesome/fonts/fontawesome-webfont3e6e.woff]
[j66qd6zg9dfgyt4c-zippykid.netdna-ssl.com/wp-content/themes/poker-dice-progression/inc/font-awesome/fonts/fontawesome-webfont3e6e.ttf]
[j66qd6zg9dfgyt4c-zippykid.netdna-ssl.com/wp-content/themes/poker-dice-progression/images/search-magnify-light.png]
[j66qd6zg9dfgyt4c-zippykid.netdna-ssl.com/wp-content/themes/poker-dice-progression/inc/font-awesome/fonts/fontawesome-webfont3e6e.svg]
[j66qd6zg9dfgyt4c-zippykid.netdna-ssl.com/wp-content/themes/poker-dice-progression/images/search-magnify-light@2x.png]
[j66qd6zg9dfgyt4c-zippykid.netdna-ssl.com/wp-content/themes/poker-dice-progression/images/search-magnify.png]
[j66qd6zg9dfgyt4c-zippykid.netdna-ssl.com/wp-content/themes/poker-dice-progression/images/search-magnify@2x.png]
[j66qd6zg9dfgyt4c-zippykid.netdna-ssl.com/wp-content/themes/poker-dice-progression/images/select-arrow.png]
[j66qd6zg9dfgyt4c-zippykid.netdna-ssl.com/wp-content/themes/poker-dice-progression/images/prettyPhoto/lightbox.gif]
[j66qd6zg9dfgyt4c-zippykid.netdna-ssl.com/wp-content/themes/poker-dice-progression/images/prettyPhoto/sprite.png]
[j66qd6zg9dfgyt4c-zippykid.netdna-ssl.com/wp-content/themes/poker-dice-progression/images/prettyPhoto/next.png]
[j66qd6zg9dfgyt4c-zippykid.netdna-ssl.com/wp-content/themes/poker-dice-progression/images/prettyPhoto/previous.png]
[j66qd6zg9dfgyt4c-zippykid.netdna-ssl.com/wp-content/themes/poker-dice-progression/images/prettyPhoto/next@2x.png]
[j66qd6zg9dfgyt4c-zippykid.netdna-ssl.com/wp-content/themes/poker-dice-progression/images/prettyPhoto/previous@2x.png]
[j66qd6zg9dfgyt4c-zippykid.netdna-ssl.com/wp-content/themes/poker-dice-progression/images/prettyPhoto/sprite@2x.png]
[j66qd6zg9dfgyt4c-zippykid.netdna-ssl.com/wp-content/themes/poker-dice-progression/style5010.css]
[j66qd6zg9dfgyt4c-zippykid.netdna-ssl.com/wp-content/themes/poker-dice-progression/css/progression_studios_custom_styles5010.css]
[j66qd6zg9dfgyt4c-zippykid.netdna-ssl.com/wp-content/plugins/elementor/assets/lib/eicons/css/elementor-icons.minaf6c.css]
[j66qd6zg9dfgyt4c-zippykid.netdna-ssl.com/wp-content/plugins/elementor/assets/lib/font-awesome/css/font-awesome.min1849.css]
[j66qd6zg9dfgyt4c-zippykid.netdna-ssl.com/wp-content/plugins/elementor/assets/lib/animations/animations.min6b25.css]
[j66qd6zg9dfgyt4c-zippykid.netdna-ssl.com/wp-content/plugins/elementor/assets/css/frontend.min6b25.css]
[poker.progressionstudios.com/wp-content/uploads/2017/07/main-slide-bg.jpg]
[j66qd6zg9dfgyt4c-zippykid.netdna-ssl.com/wp-content/uploads/elementor/css/post-864f8.css]
[j66qd6zg9dfgyt4c-zippykid.netdna-ssl.com/wp-content/plugins/boosted-elements-progression/assets/images/fotorama@2x.png]
[j66qd6zg9dfgyt4c-zippykid.netdna-ssl.com/wp-content/plugins/boosted-elements-progression/assets/images/prettyPhoto/default/sprite.png]
[j66qd6zg9dfgyt4c-zippykid.netdna-ssl.com/wp-content/plugins/boosted-elements-progression/assets/images/prettyPhoto/default/sprite_x.png]
[j66qd6zg9dfgyt4c-zippykid.netdna-ssl.com/wp-content/plugins/boosted-elements-progression/assets/images/prettyPhoto/default/sprite_y.png]
[j66qd6zg9dfgyt4c-zippykid.netdna-ssl.com/wp-content/plugins/boosted-elements-progression/assets/images/prettyPhoto/default/sprite_next.png]
[j66qd6zg9dfgyt4c-zippykid.netdna-ssl.com/wp-content/plugins/boosted-elements-progression/assets/images/prettyPhoto/default/sprite_prev.png]
[j66qd6zg9dfgyt4c-zippykid.netdna-ssl.com/wp-content/plugins/boosted-elements-progression/assets/images/prettyPhoto/default/default_thumb.png]
[j66qd6zg9dfgyt4c-zippykid.netdna-ssl.com/wp-content/plugins/boosted-elements-progression/assets/images/prettyPhoto/default/loader.gif]
[j66qd6zg9dfgyt4c-zippykid.netdna-ssl.com/wp-content/plugins/boosted-elements-progression/assets/images/prettyPhoto/light_rounded/sprite.png]
[j66qd6zg9dfgyt4c-zippykid.netdna-ssl.com/wp-content/plugins/boosted-elements-progression/assets/images/prettyPhoto/light_rounded/btnNext.png]
[j66qd6zg9dfgyt4c-zippykid.netdna-ssl.com/wp-content/plugins/boosted-elements-progression/assets/images/prettyPhoto/light_rounded/btnPrevious.png]
[j66qd6zg9dfgyt4c-zippykid.netdna-ssl.com/wp-content/plugins/boosted-elements-progression/assets/images/prettyPhoto/dark_rounded/sprite.png]
[j66qd6zg9dfgyt4c-zippykid.netdna-ssl.com/wp-content/plugins/boosted-elements-progression/assets/images/prettyPhoto/dark_rounded/contentPattern.png]
[j66qd6zg9dfgyt4c-zippykid.netdna-ssl.com/wp-content/plugins/boosted-elements-progression/assets/images/prettyPhoto/dark_rounded/btnNext.png]
[j66qd6zg9dfgyt4c-zippykid.netdna-ssl.com/wp-content/plugins/boosted-elements-progression/assets/images/prettyPhoto/dark_rounded/btnPrevious.png]
[j66qd6zg9dfgyt4c-zippykid.netdna-ssl.com/wp-content/plugins/boosted-elements-progression/assets/images/prettyPhoto/dark_rounded/loader.gif]
[j66qd6zg9dfgyt4c-zippykid.netdna-ssl.com/wp-content/plugins/boosted-elements-progression/assets/images/prettyPhoto/dark_square/loader.gif]
[j66qd6zg9dfgyt4c-zippykid.netdna-ssl.com/wp-content/plugins/boosted-elements-progression/assets/images/prettyPhoto/dark_square/sprite.png]
[j66qd6zg9dfgyt4c-zippykid.netdna-ssl.com/wp-content/plugins/boosted-elements-progression/assets/images/prettyPhoto/dark_square/btnNext.png]
[j66qd6zg9dfgyt4c-zippykid.netdna-ssl.com/wp-content/plugins/boosted-elements-progression/assets/images/prettyPhoto/dark_square/btnPrevious.png]
[j66qd6zg9dfgyt4c-zippykid.netdna-ssl.com/wp-content/plugins/boosted-elements-progression/assets/images/prettyPhoto/light_square/sprite.png]
[j66qd6zg9dfgyt4c-zippykid.netdna-ssl.com/wp-content/plugins/boosted-elements-progression/assets/images/prettyPhoto/light_square/btnNext.png]
[j66qd6zg9dfgyt4c-zippykid.netdna-ssl.com/wp-content/plugins/boosted-elements-progression/assets/images/prettyPhoto/light_square/btnPrevious.png]
[j66qd6zg9dfgyt4c-zippykid.netdna-ssl.com/wp-content/plugins/boosted-elements-progression/assets/images/prettyPhoto/facebook/sprite.png]
[j66qd6zg9dfgyt4c-zippykid.netdna-ssl.com/wp-content/plugins/boosted-elements-progression/assets/images/prettyPhoto/facebook/contentPatternTop.png]
[j66qd6zg9dfgyt4c-zippykid.netdna-ssl.com/wp-content/plugins/boosted-elements-progression/assets/images/prettyPhoto/facebook/contentPatternLeft.png]
[j66qd6zg9dfgyt4c-zippykid.netdna-ssl.com/wp-content/plugins/boosted-elements-progression/assets/images/prettyPhoto/facebook/contentPatternRight.png]
[j66qd6zg9dfgyt4c-zippykid.netdna-ssl.com/wp-content/plugins/boosted-elements-progression/assets/images/prettyPhoto/facebook/loader.gif]
[j66qd6zg9dfgyt4c-zippykid.netdna-ssl.com/wp-content/plugins/boosted-elements-progression/assets/images/prettyPhoto/facebook/btnNext.png]
[j66qd6zg9dfgyt4c-zippykid.netdna-ssl.com/wp-content/plugins/boosted-elements-progression/assets/images/prettyPhoto/facebook/btnPrevious.png]
[j66qd6zg9dfgyt4c-zippykid.netdna-ssl.com/wp-content/plugins/boosted-elements-progression/assets/images/prettyPhoto/facebook/contentPatternBottom.png]
[j66qd6zg9dfgyt4c-zippykid.netdna-ssl.com/wp-content/plugins/boosted-elements-progression/assets/images/prettyPhoto/facebook/default_thumbnail.gif]
[j66qd6zg9dfgyt4c-zippykid.netdna-ssl.com/wp-content/plugins/boosted-elements-progression/assets/images/prettyPhoto/light_rounded/loader.gif]
[j66qd6zg9dfgyt4c-zippykid.netdna-ssl.com/wp-content/plugins/boosted-elements-progression/assets/css/frontend.min5010.css]
[j66qd6zg9dfgyt4c-zippykid.netdna-ssl.com/wp-includes/js/jquery/jqueryb8ff.js]
[j66qd6zg9dfgyt4c-zippykid.netdna-ssl.com/wp-includes/js/jquery/jquery-migrate.min330a.js]
[j66qd6zg9dfgyt4c-zippykid.netdna-ssl.com/wp-content/uploads/2017/07/haway-1000x470.jpg]
[poker.progressionstudios.com/product/haway-tropical-room/feed/index.html]
[j66qd6zg9dfgyt4c-zippykid.netdna-ssl.com/wp-content/plugins/woocommerce-easy-booking-system/assets/css/classic.min5010.css]
[j66qd6zg9dfgyt4c-zippykid.netdna-ssl.com/wp-content/plugins/woocommerce/assets/js/accounting/accounting.minaffb.js]
[poker.progressionstudios.com/wp-json/oembed/1.0/embed512b.json]
[poker.progressionstudios.com/wp-json/oembed/1.0/embeddae1]
[j66qd6zg9dfgyt4c-zippykid.netdna-ssl.com/wp-content/uploads/2017/07/haway.jpg]
[j66qd6zg9dfgyt4c-zippykid.netdna-ssl.com/wp-content/uploads/2017/07/haway-600x350.jpg]
[j66qd6zg9dfgyt4c-zippykid.netdna-ssl.com/wp-content/uploads/2017/07/papaya-500x500.jpg]
[j66qd6zg9dfgyt4c-zippykid.netdna-ssl.com/wp-content/uploads/2017/07/queen-500x500.jpg]
[j66qd6zg9dfgyt4c-zippykid.netdna-ssl.com/wp-content/uploads/2017/07/bamboo-500x500.jpg]
[j66qd6zg9dfgyt4c-zippykid.netdna-ssl.com/wp-content/plugins/woocommerce/assets/js/flexslider/jquery.flexslider.min653d.js]
[poker.progressionstudios.com/product/queen-suite-delux/index.html]
[poker.progressionstudios.com/product/bamboo-deluxe/index.html]
[poker.progressionstudios.com/product/papaya-deluxe/index.html]
[j66qd6zg9dfgyt4c-zippykid.netdna-ssl.com/wp-content/plugins/woocommerce/assets/js/frontend/single-product.mincd45.js]
[j66qd6zg9dfgyt4c-zippykid.netdna-ssl.com/wp-includes/js/comment-reply.min5010.js]
[j66qd6zg9dfgyt4c-zippykid.netdna-ssl.com/wp-content/plugins/woocommerce-easy-booking-system/assets/js/pickadate.min5152.js]
[j66qd6zg9dfgyt4c-zippykid.netdna-ssl.com/wp-content/plugins/woocommerce-easy-booking-system/assets/js/wceb.min5152.js]
[j66qd6zg9dfgyt4c-zippykid.netdna-ssl.com/wp-content/plugins/woocommerce-easy-booking-system/assets/js/wceb-simple.min5152.js]
[poker.progressionstudios.com/product/haway-tropical-room/index.html]
[j66qd6zg9dfgyt4c-zippykid.netdna-ssl.com/wp-content/plugins/woocommerce-easy-booking-system/assets/js/translations/en_US5152.js]
[j66qd6zg9dfgyt4c-zippykid.netdna-ssl.com/wp-content/plugins/woocommerce/assets/css/select2cd45.css]
[j66qd6zg9dfgyt4c-zippykid.netdna-ssl.com/wp-includes/js/zxcvbn-async.min5152.js]
[poker.progressionstudios.com/wp-json/oembed/1.0/embedad4c.json]
[poker.progressionstudios.com/wp-json/oembed/1.0/embed3ea9]
[j66qd6zg9dfgyt4c-zippykid.netdna-ssl.com/wp-content/plugins/woocommerce/assets/js/frontend/country-select.mincd45.js]
[j66qd6zg9dfgyt4c-zippykid.netdna-ssl.com/wp-content/plugins/woocommerce/assets/js/frontend/address-i18n.mincd45.js]
[j66qd6zg9dfgyt4c-zippykid.netdna-ssl.com/wp-content/plugins/woocommerce/assets/js/frontend/cart.mincd45.js]
[j66qd6zg9dfgyt4c-zippykid.netdna-ssl.com/wp-content/plugins/woocommerce/assets/js/selectWoo/selectWoo.full.min4b68.js]
[j66qd6zg9dfgyt4c-zippykid.netdna-ssl.com/wp-admin/js/password-strength-meter.min5010.js]
[poker.progressionstudios.com/cart/index.html]
[j66qd6zg9dfgyt4c-zippykid.netdna-ssl.com/wp-content/plugins/woocommerce/assets/js/frontend/password-strength-meter.mincd45.js]
[j66qd6zg9dfgyt4c-zippykid.netdna-ssl.com/wp-content/uploads/elementor/css/post-165b152.css]
[poker.progressionstudios.com/wp-json/oembed/1.0/embed9aaf.json]
[poker.progressionstudios.com/home-version-2/index.html]
[poker.progressionstudios.com/wp-json/oembed/1.0/embedb67e]
[j66qd6zg9dfgyt4c-zippykid.netdna-ssl.com/wp-content/uploads/elementor/css/post-14657b.css]
[poker.progressionstudios.com/wp-json/oembed/1.0/embed42e0.json]
[poker.progressionstudios.com/wp-json/oembed/1.0/embedc388]
[j66qd6zg9dfgyt4c-zippykid.netdna-ssl.com/wp-content/uploads/2017/07/icon-2.png]
[j66qd6zg9dfgyt4c-zippykid.netdna-ssl.com/wp-content/uploads/2017/07/icon-3.png]
[j66qd6zg9dfgyt4c-zippykid.netdna-ssl.com/wp-content/uploads/2017/07/card-image.jpg]
[poker.progressionstudios.com/about/index.html]
[j66qd6zg9dfgyt4c-zippykid.netdna-ssl.com/wp-content/uploads/2017/07/haway-500x500.jpg]
[poker.progressionstudios.com/product-category/rooms/feed/index.html]
[j66qd6zg9dfgyt4c-zippykid.netdna-ssl.com/wp-includes/js/jquery/ui/core.mine899.js]
[poker.progressionstudios.com/product-category/uncategorized/index.html]
[poker.progressionstudios.com/product-category/mens-clothing/index.html]
[j66qd6zg9dfgyt4c-zippykid.netdna-ssl.com/wp-includes/js/jquery/ui/widget.mine899.js]
[j66qd6zg9dfgyt4c-zippykid.netdna-ssl.com/wp-includes/js/jquery/ui/mouse.mine899.js]
[j66qd6zg9dfgyt4c-zippykid.netdna-ssl.com/wp-includes/js/jquery/ui/slider.mine899.js]
[poker.progressionstudios.com/product-category/womens-clothing/index.html]
[j66qd6zg9dfgyt4c-zippykid.netdna-ssl.com/wp-content/plugins/woocommerce/assets/js/jquery-ui-touch-punch/jquery-ui-touch-punch.mincd45.js]
[poker.progressionstudios.com/product-category/rooms/index.html]
[j66qd6zg9dfgyt4c-zippykid.netdna-ssl.com/wp-content/plugins/woocommerce/assets/js/frontend/price-slider.mincd45.js]
[j66qd6zg9dfgyt4c-zippykid.netdna-ssl.com/wp-content/uploads/2017/07/bigstock-casino-gambling-poker-peopl-79676758.jpg]
[j66qd6zg9dfgyt4c-zippykid.netdna-ssl.com/wp-content/uploads/2017/07/bigstock-Slot-Machines-4551240.jpg]
[poker.progressionstudios.com/author/poker/index.html]
[poker.progressionstudios.com/2017/07/an-inside-look-at-virtual-reality-the-casino-industry/index.html]
[poker.progressionstudios.com/wp-login.html]
[poker.progressionstudios.com/news/index.html]
[poker.progressionstudios.com/category/uncategorized/index.html]
[poker.progressionstudios.com/2017/06/a-compete-history-of-betting-shops-in-the-uk/index.html]
[poker.progressionstudios.com/2017/05/ept-8-grand-final-main-event/index.html]
[poker.progressionstudios.com/news/page/2/index.html]
[poker.progressionstudios.com/2017/04/how-will-atlantic-city-cope-after-rough-year/index.html]
[poker.progressionstudios.com/2017/07/index.html]
[poker.progressionstudios.com/2017/06/index.html]
[j66qd6zg9dfgyt4c-zippykid.netdna-ssl.com/wp-content/uploads/2017/07/t-shirt-1-500x500.9b.delayed]
[poker.progressionstudios.com/2017/05/index.html]
[poker.progressionstudios.com/shop/feed/index.html]
[poker.progressionstudios.com/2017/04/index.html]
[j66qd6zg9dfgyt4c-zippykid.netdna-ssl.com/wp-content/uploads/2017/07/female-shirt-500x500.jpg]
[poker.progressionstudios.com/shop/index07d1.html]
[j66qd6zg9dfgyt4c-zippykid.netdna-ssl.com/wp-content/uploads/2017/07/product-grey-sweater-500x500.jpg]
[poker.progressionstudios.com/product/west-coast-tee/index.html]
[j66qd6zg9dfgyt4c-zippykid.netdna-ssl.com/wp-content/uploads/2017/07/out-of-stock-500x500.jpg]
[poker.progressionstudios.com/product/trendy-printed-tee/index.html]
[j66qd6zg9dfgyt4c-zippykid.netdna-ssl.com/wp-content/uploads/2017/07/tan-jeans-500x500.jpg]
[poker.progressionstudios.com/shop/index.html]
[poker.progressionstudios.com/product/printed-white-tee/index.html]
[poker.progressionstudios.com/product/grey-hoodie/index.html]
[poker.progressionstudios.com/product/tan-skinny-jeans/index.html]
[poker.progressionstudios.com/wp-json/oembed/1.0/embed61fc.json]
[poker.progressionstudios.com/my-account/index.html]
[poker.progressionstudios.com/checkout/index.html]
[poker.progressionstudios.com/wp-json/oembed/1.0/embedcea6]
[j66qd6zg9dfgyt4c-zippykid.netdna-ssl.com/wp-content/uploads/elementor/css/post-12881a.css]
[poker.progressionstudios.com/shop/page/2/index.html]
[poker.progressionstudios.com/wp-json/oembed/1.0/embed7f39.json]
[poker.progressionstudios.com/my-account/lost-password/index.html]
[poker.progressionstudios.com/contact/index.html]
[j66qd6zg9dfgyt4c-zippykid.netdna-ssl.com/wp-content/plugins/contact-form-7/includes/js/scriptsaead.js]
[j66qd6zg9dfgyt4c-zippykid.netdna-ssl.com/wp-content/plugins/woocommerce/assets/js/frontend/add-to-cart.mincd45.js]
[poker.progressionstudios.com/wp-json/oembed/1.0/embed57ab]
[j66qd6zg9dfgyt4c-zippykid.netdna-ssl.com/wp-content/plugins/woocommerce/assets/js/js-cookie/js.cookie.min6b25.js]
[j66qd6zg9dfgyt4c-zippykid.netdna-ssl.com/wp-content/plugins/woocommerce/assets/js/frontend/woocommerce.mincd45.js]
[j66qd6zg9dfgyt4c-zippykid.netdna-ssl.com/wp-content/plugins/woocommerce/assets/js/frontend/cart-fragments.mincd45.js]
[j66qd6zg9dfgyt4c-zippykid.netdna-ssl.com/wp-content/themes/poker-dice-progression/js/plugins11a8.js]
[j66qd6zg9dfgyt4c-zippykid.netdna-ssl.com/wp-content/uploads/2017/07/device.png]
[j66qd6zg9dfgyt4c-zippykid.netdna-ssl.com/wp-content/themes/poker-dice-progression/js/script11a8.js]
[j66qd6zg9dfgyt4c-zippykid.netdna-ssl.com/wp-includes/js/wp-embed.min5010.js]
[j66qd6zg9dfgyt4c-zippykid.netdna-ssl.com/wp-content/plugins/boosted-elements-progression/assets/js/video-backgrounds5152.js]
[j66qd6zg9dfgyt4c-zippykid.netdna-ssl.com/wp-content/plugins/boosted-elements-progression/assets/js/prettyPhoto5152.js]
[j66qd6zg9dfgyt4c-zippykid.netdna-ssl.com/wp-content/plugins/boosted-elements-progression/assets/js/jquery.matchHeight-min5152.js]
[j66qd6zg9dfgyt4c-zippykid.netdna-ssl.com/wp-includes/js/jquery/ui/position.mine899.js]
[j66qd6zg9dfgyt4c-zippykid.netdna-ssl.com/wp-content/plugins/elementor/assets/lib/dialog/dialog.mina94e.js]
[j66qd6zg9dfgyt4c-zippykid.netdna-ssl.com/wp-content/plugins/elementor/assets/lib/waypoints/waypoints.min05da.js]
[j66qd6zg9dfgyt4c-zippykid.netdna-ssl.com/wp-content/plugins/elementor/assets/lib/swiper/swiper.jquery.mincb20.js]
[j66qd6zg9dfgyt4c-zippykid.netdna-ssl.com/wp-content/plugins/woocommerce/assets/js/jquery-blockui/jquery.blockUI.min44fd.js]
[poker.progressionstudios.com/youtu.be/index.html]
[j66qd6zg9dfgyt4c-zippykid.netdna-ssl.com/wp-content/plugins/elementor/assets/js/frontend.min6b25.js]
[poker.progressionstudios.com/Version/index.html]
[poker.progressionstudios.com/version/index-2.html]
[j66qd6zg9dfgyt4c-zippykid.netdna-ssl.com/wp-content/themes/poker-dice-progression/inc/pe-icon-7-stroke/fonts/Pe-icon-7-strokebb1d.svg]
[j66qd6zg9dfgyt4c-zippykid.netdna-ssl.com/wp-content/themes/poker-dice-progression/inc/font-awesome/fonts/fontawesome-webfont3e6e.svg]
[j66qd6zg9dfgyt4c-zippykid.netdna-ssl.com/wp-content/plugins/boosted-elements-progression/assets/images/prettyPhoto/light_rounded/sprite.html]
[j66qd6zg9dfgyt4c-zippykid.netdna-ssl.com/wp-content/plugins/boosted-elements-progression/assets/images/prettyPhoto/light_rounded/btnNext.html]
[j66qd6zg9dfgyt4c-zippykid.netdna-ssl.com/wp-content/plugins/boosted-elements-progression/assets/images/prettyPhoto/light_rounded/btnPrevious.html]
[j66qd6zg9dfgyt4c-zippykid.netdna-ssl.com/wp-content/plugins/boosted-elements-progression/assets/images/prettyPhoto/dark_rounded/sprite.html]
[j66qd6zg9dfgyt4c-zippykid.netdna-ssl.com/wp-content/plugins/boosted-elements-progression/assets/images/prettyPhoto/dark_rounded/contentPattern.html]
[j66qd6zg9dfgyt4c-zippykid.netdna-ssl.com/wp-content/plugins/boosted-elements-progression/assets/images/prettyPhoto/dark_rounded/btnNext.html]
[j66qd6zg9dfgyt4c-zippykid.netdna-ssl.com/wp-content/plugins/boosted-elements-progression/assets/images/prettyPhoto/dark_rounded/btnPrevious.html]
[j66qd6zg9dfgyt4c-zippykid.netdna-ssl.com/wp-content/plugins/boosted-elements-progression/assets/images/prettyPhoto/dark_rounded/loader.html]
[j66qd6zg9dfgyt4c-zippykid.netdna-ssl.com/wp-content/plugins/boosted-elements-progression/assets/images/prettyPhoto/dark_square/loader.html]
[j66qd6zg9dfgyt4c-zippykid.netdna-ssl.com/wp-content/plugins/boosted-elements-progression/assets/images/prettyPhoto/dark_square/sprite.html]
[j66qd6zg9dfgyt4c-zippykid.netdna-ssl.com/wp-content/plugins/boosted-elements-progression/assets/images/prettyPhoto/dark_square/btnNext.html]
[j66qd6zg9dfgyt4c-zippykid.netdna-ssl.com/wp-content/plugins/boosted-elements-progression/assets/images/prettyPhoto/dark_square/btnPrevious.html]
[j66qd6zg9dfgyt4c-zippykid.netdna-ssl.com/wp-content/plugins/boosted-elements-progression/assets/images/prettyPhoto/light_square/sprite.html]
[j66qd6zg9dfgyt4c-zippykid.netdna-ssl.com/wp-content/plugins/boosted-elements-progression/assets/images/prettyPhoto/light_square/btnNext.html]
[j66qd6zg9dfgyt4c-zippykid.netdna-ssl.com/wp-content/plugins/boosted-elements-progression/assets/images/prettyPhoto/light_square/btnPrevious.html]
[j66qd6zg9dfgyt4c-zippykid.netdna-ssl.com/wp-content/plugins/boosted-elements-progression/assets/images/prettyPhoto/facebook/sprite.html]
[j66qd6zg9dfgyt4c-zippykid.netdna-ssl.com/wp-content/plugins/boosted-elements-progression/assets/images/prettyPhoto/facebook/contentPatternTop.html]
[j66qd6zg9dfgyt4c-zippykid.netdna-ssl.com/wp-content/plugins/boosted-elements-progression/assets/images/prettyPhoto/facebook/contentPatternLeft.html]
[j66qd6zg9dfgyt4c-zippykid.netdna-ssl.com/wp-content/plugins/boosted-elements-progression/assets/images/prettyPhoto/facebook/contentPatternRight.html]
[j66qd6zg9dfgyt4c-zippykid.netdna-ssl.com/wp-content/plugins/boosted-elements-progression/assets/images/prettyPhoto/facebook/loader.html]
[j66qd6zg9dfgyt4c-zippykid.netdna-ssl.com/wp-content/plugins/boosted-elements-progression/assets/images/prettyPhoto/facebook/btnNext.html]
[j66qd6zg9dfgyt4c-zippykid.netdna-ssl.com/wp-content/plugins/boosted-elements-progression/assets/images/prettyPhoto/facebook/btnPrevious.html]
[j66qd6zg9dfgyt4c-zippykid.netdna-ssl.com/wp-content/plugins/boosted-elements-progression/assets/images/prettyPhoto/facebook/contentPatternBottom.html]
[j66qd6zg9dfgyt4c-zippykid.netdna-ssl.com/wp-content/plugins/boosted-elements-progression/assets/images/prettyPhoto/facebook/default_thumbnail.html]
[j66qd6zg9dfgyt4c-zippykid.netdna-ssl.com/wp-content/plugins/boosted-elements-progression/assets/images/prettyPhoto/light_rounded/loader.html]
[j66qd6zg9dfgyt4c-zippykid.netdna-ssl.com/wp-content/plugins/woocommerce-easy-booking-system/assets/css/classic.min5010.css]
[j66qd6zg9dfgyt4c-zippykid.netdna-ssl.com/wp-content/plugins/woocommerce/assets/js/accounting/accounting.minaffb.js]
[poker.progressionstudios.com/indexb190.html]
[poker.progressionstudios.com/product/papaya-deluxe/feed/index.html]
[poker.progressionstudios.com/wp-json/oembed/1.0/embedb399.json]
[poker.progressionstudios.com/product/papaya-deluxe/index.html]
[poker.progressionstudios.com/wp-json/oembed/1.0/embedd70f]
[poker.progressionstudios.com/product/bamboo-deluxe/feed/index.html]
[poker.progressionstudios.com/wp-json/oembed/1.0/embed300e.json]
[poker.progressionstudios.com/product/bamboo-deluxe/index.html]
[poker.progressionstudios.com/wp-json/oembed/1.0/embed371c]
[poker.progressionstudios.com/wp-json/oembed/1.0/embedacb3.json]
[poker.progressionstudios.com/product/queen-suite-delux/feed/index.html]
[poker.progressionstudios.com/product/queen-suite-delux/index.html]
[j66qd6zg9dfgyt4c-zippykid.netdna-ssl.com/wp-content/plugins/woocommerce/assets/js/flexslider/jquery.flexslider.min653d.js]
[j66qd6zg9dfgyt4c-zippykid.netdna-ssl.com/wp-content/plugins/woocommerce/assets/js/frontend/single-product.mincd45.js]
[j66qd6zg9dfgyt4c-zippykid.netdna-ssl.com/wp-includes/js/comment-reply.min5010.js]
[poker.progressionstudios.com/wp-json/oembed/1.0/embedb9b2]
[poker.progressionstudios.com/product/haway-tropical-room/picker.js]
[j66qd6zg9dfgyt4c-zippykid.netdna-ssl.com/wp-content/plugins/woocommerce-easy-booking-system/assets/js/pickadate.min5152.js]
[j66qd6zg9dfgyt4c-zippykid.netdna-ssl.com/wp-content/plugins/woocommerce-easy-booking-system/assets/js/wceb.min5152.js]
[j66qd6zg9dfgyt4c-zippykid.netdna-ssl.com/wp-content/plugins/woocommerce-easy-booking-system/assets/js/wceb-simple.min5152.js]
[j66qd6zg9dfgyt4c-zippykid.netdna-ssl.com/wp-content/plugins/woocommerce-easy-booking-system/assets/js/translations/en_US5152.js]
[j66qd6zg9dfgyt4c-zippykid.netdna-ssl.com/wp-content/plugins/woocommerce/assets/css/select2cd45.css]
[j66qd6zg9dfgyt4c-zippykid.netdna-ssl.com/wp-includes/js/zxcvbn-async.min5152.js]
[poker.progressionstudios.com/indexc471.html]
[j66qd6zg9dfgyt4c-zippykid.netdna-ssl.com/wp-content/plugins/woocommerce/assets/js/frontend/country-select.mincd45.js]
[j66qd6zg9dfgyt4c-zippykid.netdna-ssl.com/wp-content/plugins/woocommerce/assets/js/frontend/address-i18n.mincd45.js]
[j66qd6zg9dfgyt4c-zippykid.netdna-ssl.com/wp-content/plugins/woocommerce/assets/js/frontend/cart.mincd45.js]
[j66qd6zg9dfgyt4c-zippykid.netdna-ssl.com/wp-content/plugins/woocommerce/assets/js/selectWoo/selectWoo.full.min4b68.js]
[j66qd6zg9dfgyt4c-zippykid.netdna-ssl.com/wp-admin/js/password-strength-meter.min5010.js]
[j66qd6zg9dfgyt4c-zippykid.netdna-ssl.com/wp-content/plugins/woocommerce/assets/js/frontend/password-strength-meter.mincd45.js]
[poker.progressionstudios.com/wp-content/uploads/2017/07/slide-1.jpg]
[j66qd6zg9dfgyt4c-zippykid.netdna-ssl.com/wp-content/uploads/elementor/css/post-165b152.css]
[poker.progressionstudios.com/index17d5.html]
[poker.progressionstudios.com/wp-content/uploads/2017/07/poker-bg-1.jpg]
[j66qd6zg9dfgyt4c-zippykid.netdna-ssl.com/wp-content/uploads/elementor/css/post-14657b.css]
[poker.progressionstudios.com/index0b69.html]
[poker.progressionstudios.com/product-category/uncategorized/index.html]
[j66qd6zg9dfgyt4c-zippykid.netdna-ssl.com/wp-content/uploads/2017/07/ipad-poker.png]
[poker.progressionstudios.com/product-category/mens-clothing/index.html]
[poker.progressionstudios.com/product-category/uncategorized/feed/index.html]
[poker.progressionstudios.com/product-category/womens-clothing/index.html]
[j66qd6zg9dfgyt4c-zippykid.netdna-ssl.com/wp-content/uploads/2017/07/icon.png]
[j66qd6zg9dfgyt4c-zippykid.netdna-ssl.com/wp-includes/js/jquery/ui/core.mine899.js]
[j66qd6zg9dfgyt4c-zippykid.netdna-ssl.com/wp-includes/js/jquery/ui/widget.mine899.js]
[j66qd6zg9dfgyt4c-zippykid.netdna-ssl.com/wp-includes/js/jquery/ui/mouse.mine899.js]
[j66qd6zg9dfgyt4c-zippykid.netdna-ssl.com/wp-includes/js/jquery/ui/slider.mine899.js]
[j66qd6zg9dfgyt4c-zippykid.netdna-ssl.com/wp-content/plugins/woocommerce/assets/js/jquery-ui-touch-punch/jquery-ui-touch-punch.mincd45.js]
[j66qd6zg9dfgyt4c-zippykid.netdna-ssl.com/wp-content/plugins/woocommerce/assets/js/frontend/price-slider.mincd45.js]
[poker.progressionstudios.com/product-category/mens-clothing/feed/index.html]
[poker.progressionstudios.com/product-category/womens-clothing/feed/index.html]
[poker.progressionstudios.com/product-category/mens-clothing/index07d1.html]
[poker.progressionstudios.com/2017/07/an-inside-look-at-virtual-reality-the-casino-industry/feed/index.html]
[poker.progressionstudios.com/wp-json/oembed/1.0/embed2fcc.json]
[poker.progressionstudios.com/2017/07/an-inside-look-at-virtual-reality-the-casino-industry/index.html]
[poker.progressionstudios.com/author/poker/index.html]
[poker.progressionstudios.com/wp-json/oembed/1.0/embed0fbb]
[poker.progressionstudios.com/category/uncategorized/index.html]
[poker.progressionstudios.com/author/poker/feed/index.html]
[poker.progressionstudios.com/tag/video/index.html]
[poker.progressionstudios.com/tag/news/index.html]
[poker.progressionstudios.com/author/poker/page/2/index.html]
[poker.progressionstudios.com/category/uncategorized/feed/index.html]
[poker.progressionstudios.com/wp-json/oembed/1.0/embed3536.json]
[poker.progressionstudios.com/2017/06/a-compete-history-of-betting-shops-in-the-uk/feed/index.html]
[poker.progressionstudios.com/category/uncategorized/page/2/index.html]
[poker.progressionstudios.com/2017/06/a-compete-history-of-betting-shops-in-the-uk/index.html]
[poker.progressionstudios.com/wp-json/oembed/1.0/embedee91]
[poker.progressionstudios.com/wp-json/oembed/1.0/embed9c23.json]
[poker.progressionstudios.com/2017/05/ept-8-grand-final-main-event/feed/index.html]
[poker.progressionstudios.com/2017/05/ept-8-grand-final-main-event/index.html]
[poker.progressionstudios.com/news/page/2/index.html]
[poker.progressionstudios.com/wp-json/oembed/1.0/embed5f18]
[poker.progressionstudios.com/wp-json/oembed/1.0/embede738.json]
[poker.progressionstudios.com/2017/04/how-will-atlantic-city-cope-after-rough-year/feed/index.html]
[poker.progressionstudios.com/2017/04/how-will-atlantic-city-cope-after-rough-year/index.html]
[poker.progressionstudios.com/2017/07/index.html]
[poker.progressionstudios.com/2017/06/index.html]
[poker.progressionstudios.com/2017/05/index.html]
[poker.progressionstudios.com/2017/04/index.html]
[poker.progressionstudios.com/wp-json/oembed/1.0/embedce3a]
[poker.progressionstudios.com/wp-login.html]
[poker.progressionstudios.com/wp-json/oembed/1.0/embeda993.json]
[poker.progressionstudios.com/product/trendy-printed-tee/feed/index.html]
[poker.progressionstudios.com/wp-admin/load-styles6c4d.css]
[poker.progressionstudios.com/product/trendy-printed-tee/index.html]
[poker.progressionstudios.com/shop/index07d1.html]
[poker.progressionstudios.com/wp-json/oembed/1.0/embedd0ab]
[poker.progressionstudios.com/wp-json/oembed/1.0/embedd293.json]
[poker.progressionstudios.com/product/west-coast-tee/feed/index.html]
[poker.progressionstudios.com/product/west-coast-tee/index.html]
[poker.progressionstudios.com/wp-json/oembed/1.0/embed4dcb]
[poker.progressionstudios.com/wp-json/oembed/1.0/embedc0e0.json]
[poker.progressionstudios.com/product/grey-hoodie/feed/index.html]
[poker.progressionstudios.com/product/grey-hoodie/index.html]
[poker.progressionstudios.com/wp-json/oembed/1.0/embed762f]
[poker.progressionstudios.com/wp-json/oembed/1.0/embed4878.json]
[poker.progressionstudios.com/product/printed-white-tee/feed/index.html]
[poker.progressionstudios.com/product/grey-hoodie/index07d1.html]
[poker.progressionstudios.com/product/printed-white-tee/index.html]
[poker.progressionstudios.com/wp-json/oembed/1.0/embed67c8]
[poker.progressionstudios.com/wp-json/oembed/1.0/embed6486.json]
[poker.progressionstudios.com/product/tan-skinny-jeans/feed/index.html]
[poker.progressionstudios.com/product/printed-white-tee/index07d1.html]
[poker.progressionstudios.com/product/tan-skinny-jeans/index.html]
[poker.progressionstudios.com/shop/page/2/index.html]
[poker.progressionstudios.com/wp-json/oembed/1.0/embed57ae]
[poker.progressionstudios.com/indexc4f7.html]
[poker.progressionstudios.com/my-account/lost-password/index.html]
[j66qd6zg9dfgyt4c-zippykid.netdna-ssl.com/wp-content/uploads/elementor/css/post-12881a.css]
[poker.progressionstudios.com/index678b.html]
[j66qd6zg9dfgyt4c-zippykid.netdna-ssl.com/wp-content/plugins/woocommerce/assets/js/jquery-blockui/jquery.blockUI.min44fd.js]
[poker.progressionstudios.com/youtu.be/index.html]
[poker.progressionstudios.com/Version/index.html]
[poker.progressionstudios.com/version/index-2.html]
[poker.progressionstudios.com/product/tan-skinny-jeans/index07d1.html]
[poker.progressionstudios.com/index5cfa.html]
[poker.progressionstudios.com/index36d4.html]
[poker.progressionstudios.com/index5eda.html]
[poker.progressionstudios.com/product/haway-tropical-room/picker.html]
[poker.progressionstudios.com/product-category/mens-clothing/index07d1.html]
[poker.progressionstudios.com/index0721.html]
[poker.progressionstudios.com/tag/news/index.html]
[j66qd6zg9dfgyt4c-zippykid.netdna-ssl.com/wp-content/plugins/boosted-elements-progression/assets/images/fotorama.png]
[poker.progressionstudios.com/tag/video/index.html]
[poker.progressionstudios.com/tag/news/feed/index.html]
[poker.progressionstudios.com/author/poker/page/2/index.html]
[poker.progressionstudios.com/tag/video/feed/index.html]
[poker.progressionstudios.com/category/uncategorized/page/2/index.html]
[poker.progressionstudios.com/index7ef4.html]
[poker.progressionstudios.com/index6cf3.html]
[poker.progressionstudios.com/news/page/1/index.html]
[poker.progressionstudios.com/index8cae.html]
[poker.progressionstudios.com/wp-includes/fonts/dashicons.eot]
[poker.progressionstudios.com/wp-admin/images/loading.gif]
[poker.progressionstudios.com/wp-admin/images/w-logo-blue7a53.png]
[poker.progressionstudios.com/wp-admin/load-styles6c4d.css]
[poker.progressionstudios.com/wp-admin/images/wordpress-logo7d6b.svg]
[poker.progressionstudios.com/wp-admin/index.html]
[poker.progressionstudios.com/index55e4.html]
[poker.progressionstudios.com/cart/index5894.html]
[poker.progressionstudios.com/indexbde5.html]
[poker.progressionstudios.com/index8ed7.html]
[poker.progressionstudios.com/product/grey-hoodie/index07d1.html]
[poker.progressionstudios.com/indexb135.html]
[poker.progressionstudios.com/product/printed-white-tee/index07d1.html]
[poker.progressionstudios.com/index648c.html]
[poker.progressionstudios.com/product/tan-skinny-jeans/index07d1.html]
[poker.progressionstudios.com/shop/page/1/index.html]
[poker.progressionstudios.com/author/poker/page/1/index.html]
[poker.progressionstudios.com/category/uncategorized/page/1/index.html]
[poker.progressionstudios.com/wp-admin/images/wordpress-logo7d6b.svg]
[poker.progressionstudios.com/wp-loginbc59.html]
[poker.progressionstudios.com/wp-admin/&reauth=1]
[poker.progressionstudios.com/wp-loginbc59.html]
[poker.progressionstudios.com/shop/indexaafe.html]
[poker.progressionstudios.com/cart/index0ca9.html]
[poker.progressionstudios.com/wp-admin/&reauth=1.html]
